test log 2024-05-11 15:47:12.893937 +0800 CST m=+0.000870220